n/yyyy.png
n/yyyjjyjyr.png
n/ytyjyjyjrr.png
n/ytrjyjyjr.png
n/ytr.png
n/ytjyyttrjtr.png
n/ytjytytyrr.png
n/ytjytjyyjtrjjy.png
n/ytjyrrjyrytr.png
n/ytjjyy.png
n/yr.png
n/ylre5.png
n/ykrur.png
n/yjyryjyyt.png
n/yjyjyyjjy.png
n/yjtryyryjr.png
n/yjtryjyjjy.png
n/yjryjyyrt.png
n/yjrjyjy.png
n/yjjyyjyrjyr.png
n/yjjyjyjy.png
n/yjjtrytyr.png
n/w5ei75.png
n/uyykurk.png
n/uruykuykr.png
n/urkry.png
n/urkrukur.png
n/u.png
n/tytryyyjyttjr.png
n/tyjryrrtjt.png
n/tyjjyy.png
n/tyjjyjytrryyt.png
n/tyft.png
n/tuiltiu.png
n/tuil.png
n/ttuu9.png
n/ttlitti.png
n/tshhststhss.png
n/tshdtst.png
n/tlutu.png
n/tliluutiliu.png
n/tlil.png
n/tli5r.png
n/tiuiltilu.png
n/tititii.png
n/tiltilti.png
n/tililittiititlliu.png
n/tiliililtutil.png
n/shthsthstd.png
n/shshsshhs.png
n/shdshdshdsh.png
n/sfgfdfdfg.png
n/sdhtshtth.png
n/ryyjjyyjryy.png
n/ryuryrury.png
n/ryrurku.png
n/rykukukyyr.png
n/ry.png
n/ruurur.png
n/rukukr.png
n/ru.png
n/rtyyjjy.png
n/rtjyrjyyjyt.png
n/rtjyjyrryryt.png
n/rtjyjyjyjy.png
n/rryu.png
n/rruyrwr.png
n/rjru.png
n/rjjytyjjtyjyjr.png
n/r.png
n/qrq.png
n/qrgkfk.png
n/qrew.png
n/ottl.png
n/ltuul.png
n/ltulut.png
n/ltiul.png
n/lt.png
n/litut.png
n/litli.png
n/lit.png
n/li.png
n/kuyuyuyr.png
n/kuyuky.png
n/kuyruky.png
n/kurruyku.png
n/kgkjj.png
n/kassd.png
n/jyyjrtyjytty.png
n/jytyrjyjy.png
n/jyttytr.png
n/jytrryyr.png
n/jyryjjyrryy.png
n/jyrdjjdr.png
n/jyjyrryrtyt.png
n/jyjyjyyry.png
n/jyjyjyjyjyjj.png
n/jyjjytjrrt.png
n/jttrj.png
n/jtrjytjjjyjy.png
n/jtrjjjy.png
n/jtjyyyr.png
n/jtjyjyjyjtjr.png
n/jjyjyyjyryytt.png
n/jhtdjdt.png
n/jhjkjhkj.png
n/jhjgf.png
n/jhfjgjhj.png
n/jhfgfghgjh.png
n/jfjhj.png
n/jfjggj.png
n/jfgfgfgfg.png
n/jffhfg.png
n/jfdfjfd.png
n/jdjdjjjd.png
n/jdjd.png
n/jdgdjj.png
n/htssthsth.png
n/hjjhjhhffh.png
n/hjhjf.png
n/hjhfhjhj.png
n/hjgjff.png
n/hjghfgfg.png
n/hjgfgfggh.png
n/hjfhhjhj.png
n/hgjjhjh.png
n/hghjhjhj.png
n/hgfjffhhg.png
n/hd.png
n/gkjgkjgk.png
n/ghkkgjkhk.png
n/ghjhgfgf.png
n/ghjfgfg.png
n/ghhg.png
n/ghfjhj.png
n/gfjjhg.png
n/gfjhjhjg.png
n/gfjhjfgfg.png
n/gfhjhhj.png
n/gffgfdgfdgfsd.png
n/gffgfdfgfd.png
n/gffdsfgf.png
n/gdgddfgfd.png
n/g.png
n/fjjjhjh.png
n/fjjh.png
n/fjfhhgf.png
n/fhjhjjhj.png
n/fhhjfj.png
n/fgjjfgfg.png
n/fgjggjjh.png
n/fghjjhhhf.png
n/fghjjhffgh.png
n/fghjjh.png
n/fghjhhjgh.png
n/fghjhhhj.png
n/fdsfdsfd.png
n/ety.png
n/etjyjetjet.png
n/ejyjey.png
n/ejtjte.png
n/ejt.png
n/ej.png
n/e678.png
n/dutk.png
n/dkuukd.png
n/dku.png
n/djjj.png
n/djjhghd.png
n/dgdgdfgdf.png
n/dfsgdfsfdfgfdfd.png
n/dfsdffdggffdgfdg.png
n/dfdsgfgfg.png
n/1588103416237.png
n/1588103416233.png