n/2Q__.jpg
n/Z.jpg
n/jgkjytd.png
n/images.jpg
n/1587863887666.jpg
n/1587863887665.jpg
n/1587863887664.jpg
n/1587863887663.jpg
n/1587863887662.jpg
n/1587863887661.jpg
n/1587863887660.jpg
n/1587863887659.jpg
n/1587863887658.jpg
n/1587863887657.jpg
n/1587863887656.jpg
n/1587863887655.jpg
n/1587863887654.jpg
n/1587863887652.jpg
n/1587863887651.jpg
n/1587863887650.jpg
n/1587863887649.jpg
n/1587863887648.jpg
n/1587863887647.jpg
n/1587863887646.jpg
n/1587863887645.jpg
n/1587863887644.jpg
n/1587863887643.jpg
n/1587863887642.jpg
n/1587863887641.jpg
n/1587863887639.jpg
n/1587863887638.jpg
n/1587863887637.jpg
n/1587863887636.jpg
n/1587863887635.jpg
n/1587863887634.jpg
n/1587863887633.jpg
n/1587863887631.jpg
n/1587863887630.jpg
n/1587863887629.jpg
n/1587863887628.jpg
n/1587863887627.jpg
n/1587863887626.jpg
n/1587863887625.jpg
n/1587863887624.jpg
n/1587863887623.jpg
n/1587863887622.jpg
n/1587863887621.jpg
n/1587863887620.jpg
n/1587863887619.jpg
n/1587863887618.jpg
n/1587863887617.jpg
n/1587863887616.jpg
n/1587863887615.jpg
n/1587863887614.jpg
n/1587863887613.jpg
n/1587863887612.jpg
n/1587863887611.jpg
n/1587863887610.jpg
n/1587863887609.jpg
n/1587863887608.jpg
n/1587863887607.jpg
n/1587863887606.jpg
n/1587863887605.jpg
n/1587863887604.jpg
n/1587863887603.jpg
n/1587863887602.jpg
n/1587863887601.jpg
n/1587863887600.jpg
n/1587863887599.jpg
n/1587863887598.jpg
n/1587863887597.jpg
n/1587863887596.jpg
n/1587863887595.jpg
n/1587863887594.jpg
n/1587863887593.jpg
n/1587863887592.jpg
n/1587863887591.jpg
n/1587863887590.jpg
n/1587863887589.jpg
n/1587863887588.jpg
n/1587863887587.jpg
n/1587863887586.jpg
n/1587863887585.jpg
n/1587863887584.jpg
n/1587863887583.jpg
n/1587863887582.jpg
n/1587863887581.jpg
n/1587863887580.jpg
n/1587863887579.jpg
n/1587863887578.jpg
n/1587863887577.jpg
n/1587863887576.jpg
n/1587863887575.jpg
n/1587863887574.jpg
n/1587863887573.jpg
n/1587863887572.jpg
n/yuuiuy.png
n/yluiliuyuuiu.png
n/yjytyjrrryyj.png
n/yjrtjyjrjjy.png
n/yjrjyjttrrrttr.png
n/werre.png
n/uyyutyu.png
n/uyyuluiui.png
n/uyytuyuyty.png
n/uyuy.png
n/uyutuyuyuyt.png
n/uytyyt.png
n/uykukku.png
n/utuyuy.png
n/urkkruku.png
n/uly.png
n/ukuy.png
n/ukukrku.png
n/ukrukukr.png
n/uiyiuliuly.png
n/uilyuyliu.png
n/uiluiiulyi.png
n/uilluuyu.png
n/uiiuliluil.png
n/tyytyyt.png
n/tyrtjtrrt.png
n/trtjtjjtr.png
n/sfdfsdasfdfdsf.png
n/sfdafdsafdsaasdas.png
n/sfdaasdffdsafdsafds.png
n/sfadfsfdaas.png
n/sfadafsdfsdd.png
n/sdfadasffdsfddf.png
n/sdafafsfdsafdsa.png
n/1588117967645.png
n/1588117967644.png
n/sadfafdsafsdfasd.png
n/ryruru.png
n/rykuukk.png
n/rykuuk.png
n/rykuk.png
n/ruuru.png
n/rurruk.png
n/rukurku.png
n/rukukk.png
n/rtjjyttrtyty.png
n/rkyku.png
n/rky.png
n/rkuyruyk.png
n/rkurukur.png
n/qrerer.png
n/luuiy.png
n/lulyyuu.png
n/luiuylyyi.png
n/luiuiiliul.png
n/lkl.png
n/liuuiyliu.png
n/liuiyiu.png
n/kuukry.png
n/kurkyru.png
n/kjghghghhj.png
n/kjggkk.png
n/jyyjyrryjyjr.png
n/jytrtyrtr.png
n/jtrrryj.png
n/jjffddfj.png
n/jfjdfdj.png
n/jfdjjdgdf.png
n/jfdfjjj.png
n/jdjdffj.png
n/jdfjdf.png
n/jdfgdffjg.png
n/jdfgddgf.png
n/jdffdjfjd.png
n/iyiului.png
n/iyiluliui.png
n/iyiluiuuy.png
n/iuluilui.png
n/iuiuliuluy.png
n/iluyliuli.png
n/iluuilyiulilu.png
n/iluilu.png
n/illuiy.png
n/hgghhggddgggfhg.png
n/hggfdhfjd.png
n/hfdfgfg.png
n/hfddfdf.png
n/hdghgd.png
n/hdgfg.png
n/ghhgfgdfdh.png
n/ghhdgdggf.png
n/ghghghdg.png
n/ghghgf.png
n/ghghgdghhg.png
n/ghgh.png
n/ghgfgd.png
n/gfhgdghg.png
n/gdhghghdgh.png
n/fsdasafdfsdafdsa.png
n/fsdafsdafdsfds.png
n/fsdafsadfsdsadffsda.png
n/fsdafdsdfas.png
n/fsdaasfdsfafsddfs.png
n/fsdaasfdsdfasdf.png
n/fsdaafsdasdfsfda.png
n/fsadfsdafdsfdfdsa.png
n/fjdfjjjddfjd.png
n/fhfg.png
n/fdsasdsdfaasd.png
n/fdsasdfsdfadfs.png
n/fdsasdasdsd.png
n/fdsafdssadsdf.png
n/fdsaasdffdfd.png
n/fdsaafsdafsdfsfsd.png
n/fdjjgjfdjd.png
n/fdjjgjdf.png
n/fdfhhgfg.png
n/fdasfdsafdsafdsafds.png
n/fdasadfsfdsdfsdsf.png
n/fasfasfdsfaasd.png
n/fasdfsdaffdsa.png
n/fasdasfdfsadfdsafsd.png
n/ewr.png
n/dsaffdsfdsfds.png
n/djjdgjdgdjf.png
n/djfjdj.png
n/djfjdgjg.png
n/djffgggjf.png
n/djffgdfjddf.png
n/djfdfjjdfjf.png
n/djfdfj.png
n/djdjgdjf.png
n/dhjhhjhjjdfdf.png
n/dhhjhjdhdg.png
n/dghhggh.png
n/dghghgfh.png
n/dggddfg.png
n/dfsafdsa.png
n/dfsaasdfasdfdfsadfs.png
n/dfjjjgj.png
n/dfjjgjf.png
n/dfjjfjgd.png
n/dfjjdjgdjg.png
n/dfjjdd.png
n/dfjdjfgjjg.png
n/dfjdfjd.png
n/dfhfh.png
n/dfgjdfj.png
n/dfdfjgjgdfjg.png
n/ddgfhgf.png
n/asfdasdffsdafsd.png
n/asdffdsafdsadsafsafd.png
n/afsdfsadfsfsdsdfa.png
n/afsdfdsfds.png
n/afsdfadsfdsafadsasdf.png
n/afsdasfdafsdfsda.png
n/adfsadfsfdsfds.png
n/Wood-Planks-Background[1].jpg
n/woodplanks_bg2[1].jpg
n/wooden-plank-textured-background-material_53876-33591[1].jpg
n/Wooden_Planks_Background[1].jpg
n/Wood-Background-1-1024x700[1].jpg
n/wood-1794340__340[1].jpg
n/wood_series_hd_picture_4_169511[1].jpg
n/vector-wood-plank-background[1].jpg
n/s-l1000[1].jpg
n/istockphoto-523584249-612x612[1].jpg
n/istockphoto-480194940-612x612[1].jpg
n/378293[1].jpg
n/216073-most-popular-wood-plank-background-2560x1920-iphone[1].jpg
n/1587863887653.jpg
n/1587863887640.jpg
n/1587863887632.jpg
n/ytr.png
n/ylre5.png
n/w5ei75.png
n/u.png
n/tyft.png
n/tuiltiu.png
n/ttuu9.png
n/ttlitti.png
n/tshhststhss.png
n/tshdtst.png
n/tlutu.png
n/tlittl.png
n/tlil.png
n/tlii.png
n/tli5r.png
n/sthdshtdht.png
n/shththstsh.png
n/shthstsht.png
n/shthsthstd.png
n/shshsshhs.png
n/shshssdhsh.png
n/shshshdshd.png
n/shshsh.png
n/shhthstdshhtsdhs.png
n/shdttshhtstd.png
n/shdshdshdsh.png
n/shdshd.png
n/shdhststts.png
n/shdhss.png
n/sdthhsths.png
n/sdhtshtth.png
n/sdhshhtd.png
n/qrq.png
n/qrgkfk.png
n/qrew.png
n/ottl.png
n/ltuul.png
n/ltulut.png
n/ltiul.png
n/litut.png
n/litli.png
n/lit.png
n/li.png
n/jyrdjjdr.png
n/jjvjh.png
n/jfdfjfd.png
n/jdjdjjjd.png
n/jdgdjj.png
n/htssthsth.png
n/htssthsht.png
n/htsdshdtshtds.png
n/hstshdsh.png
n/138392-top-wood-plank-background-2500x1875[1].jpg
n/hstdshtdshd.png
n/hssthsh.png
n/hsshdshsdh.png
n/hjgf.png
n/hd.png
n/glih.png
n/gl.png
n/gkjl.png
n/ghl.png
n/gh.png
n/gfjg.png
n/gfhjj.png
n/g.png
n/fghfhshsdsd.png
n/etjyjetjet.png
n/etjkjtey.png
n/ejyjey.png
n/ejtjte.png
n/ejt.png
n/ej.png
n/e678.png
n/dutk.png
n/dkuukd.png
n/dku.png
n/djjj.png
n/djjhghd.png
n/djghjjdg.png
n/dgjjgyjj.png
n/dgjhjhj.png
n/dgjghddh.png
n/dfhdgfhg.png
n/aewer.png
n/a.png